// Jest Snapshot v1, https://goo.gl/fbAQLP

exports[`EnhancedBoardCell should display a tile with the correct tileId 1`] = `
<div
  className="board-cell"
  onClick={[Function]}
  role="button"
>
  <Connect(TileCard)
    playerId="1"
    tileId="1"
  />
</div>
`;

exports[`EnhancedBoardCell should react to clicks 1`] = `
<div
  className="board-cell"
  onClick={[Function]}
  role="button"
>
  <Connect(TileCard)
    playerId="1"
    tileId="1"
  />
</div>
`;
